[2m2026-03-11T20:08:03.516679Z[0m [32m INFO[0m [2mtokio_pool_demo[0m[2m:[0m pool created [3mpool_id[0m[2m=[0m1
[2m2026-03-11T20:08:03.516754Z[0m [32m INFO[0m [2mtokio_pool_demo[0m[2m:[0m SpawnWorker messages queued [3mworker_count[0m[2m=[0m3
